2026-08-19 18:59:21 INFO  Pages.LoginPageTest - LoginPageTest initialized.
2026-08-19 18:59:21 INFO  Pages.LoginPageTest - Username entered successfully.
2026-08-19 18:59:21 INFO  Pages.LoginPageTest - Password entered successfully.
2026-08-19 18:59:22 INFO  Pages.LoginPageTest - Login button clicked.
2026-08-19 18:59:22 INFO  Pages.LoginPageTest - Success message retrieved: You logged into a secure area!
×
2026-08-19 19:25:03 INFO  Pages.LoginPageTest - LoginPageTest initialized.
2026-08-19 19:28:26 INFO  Pages.LoginPageTest - LoginPageTest initialized.
2026-08-19 19:30:40 INFO  Pages.LoginPageTest - LoginPageTest initialized.
2026-08-19 19:30:40 INFO  Pages.LoginPageTest - Clicking Login button
2026-08-19 19:34:48 INFO  Pages.LoginPageTest - LoginPageTest initialized.
2026-08-19 19:34:48 INFO  Pages.LoginPageTest - Clicking Login button
2026-08-19 19:34:48 INFO  Pages.LoginPageTest - Getting success message
2026-08-20 10:24:55 INFO  Pages.LoginPageTest - LoginPageTest initialized.
2026-08-20 10:32:47 INFO  Pages.LoginPageTest - LoginPageTest initialized.
2026-08-20 10:33:21 INFO  Pages.LoginPageTest - LoginPageTest initialized.
2026-08-20 10:34:51 INFO  Pages.LoginPageTest - LoginPageTest initialized.
2026-08-20 10:36:30 INFO  Pages.LoginPageTest - LoginPageTest initialized.
2026-08-20 11:25:13 INFO  Pages.LoginPageOpencart - LoginPageTest initialized.
2026-08-20 11:25:13 INFO  Pages.LoginPageOpencart - Clicking Login button
2026-08-20 11:27:22 INFO  Pages.LoginPageOpencart - LoginPageTest initialized.
2026-08-20 11:27:23 INFO  Pages.LoginPageOpencart - Clicking Login button
2026-08-20 12:48:41 INFO  Pages.LoginPageTest - LoginPageTest initialized.
2026-08-20 12:49:20 INFO  Pages.LoginPageOpencart - LoginPageTest initialized.
2026-08-20 12:49:20 INFO  Pages.LoginPageOpencart - Clicking Login button
2026-08-20 13:00:11 INFO  Pages.LoginPageOpencart - LoginPageTest initialized.
2026-08-20 13:00:11 INFO  Pages.LoginPageOpencart - Clicking Login button
2026-08-20 13:03:32 INFO  Pages.LoginPageOpencart - LoginPageTest initialized.
2026-08-20 13:03:32 INFO  Pages.LoginPageOpencart - Clicking Login button
2026-08-20 13:06:03 INFO  Pages.LoginPageOpencart - LoginPageTest initialized.
2026-08-20 13:06:03 INFO  Pages.LoginPageOpencart - Clicking Login button
2026-08-20 13:09:31 INFO  Pages.LoginPageOpencart - LoginPageTest initialized.
2026-08-20 13:09:31 INFO  Pages.LoginPageOpencart - Clicking Login button
2026-08-20 13:10:36 INFO  Pages.LoginPageOpencart - LoginPageTest initialized.
2026-08-20 13:10:36 INFO  Pages.LoginPageOpencart - Clicking Login button
2026-08-20 13:11:54 INFO  Pages.LoginPageOpencart - LoginPageTest initialized.
2026-08-20 13:11:54 INFO  Pages.LoginPageOpencart - Clicking Login button
2026-08-20 13:13:29 INFO  Pages.LoginPageOpencart - LoginPageTest initialized.
2026-08-20 13:13:29 INFO  Pages.LoginPageOpencart - Clicking Login button
2026-08-20 13:18:18 INFO  Pages.LoginPageOpencart - LoginPageTest initialized.
2026-08-20 13:18:18 INFO  Pages.LoginPageOpencart - Clicking Login button
2026-08-20 13:23:56 INFO  Pages.LoginPageOpencart - LoginPageTest initialized.
2026-08-20 13:23:56 INFO  Pages.LoginPageOpencart - Clicking Login button
2026-08-20 13:30:21 INFO  Pages.LoginPageOpencart - LoginPageTest initialized.
2026-08-20 13:30:21 INFO  Pages.LoginPageOpencart - Clicking Login button
2026-08-20 15:43:27 INFO  Pages.LoginPageOpencart - LoginPageTest initialized.
2026-08-20 15:43:27 INFO  Pages.LoginPageOpencart - Clicking Login button
2026-08-20 16:04:52 INFO  Pages.LoginPageOpencart - LoginPageTest initialized.
2026-08-20 16:04:52 INFO  Pages.LoginPageOpencart - Clicking Login button
2026-08-20 16:24:37 INFO  Pages.LoginPageOpencart - LoginPageTest initialized.
2026-08-20 16:24:37 INFO  Pages.LoginPageOpencart - Clicking Login button
2026-08-20 16:24:38 INFO  Pages.LoginPageOpencart - Clicking Login button
2026-08-20 17:06:07 INFO  Pages.LoginPageOpencart - LoginPageTest initialized.
2026-08-20 17:06:07 INFO  Pages.LoginPageOpencart - Clicking Login button
2026-08-20 17:06:07 INFO  Pages.LoginPageOpencart - Clicking Login button
2026-08-20 17:06:08 INFO  Pages.LoginPageOpencart - Getting welcome message
2026-08-20 18:03:53 INFO  Pages.LoginPageOpencart - LoginPageTest initialized.
2026-08-20 18:03:53 INFO  Pages.LoginPageOpencart - Clicking Login button
2026-08-20 18:03:55 INFO  Pages.LoginPageOpencart - Clicking Login button
2026-08-20 18:03:56 INFO  Pages.LoginPageOpencart - Getting welcome message
